
 Start  Stop   Length Name               Class              Group

 00000H 0000FH 0000FH MATHLIB_TEXT       CODE               (none)
 00010H 0002BH 0001BH SYSTEM_TEXT        CODE               (none)
 00030H 00052H 00022H Process_TEXT       CODE               (none)
 00060H 000E1H 00081H ENTERCODE          CODE               (none)
 000F0H 001B1H 000C1H MsMouse_TEXT       CODE               (none)
 001C0H 00303H 00143H Graph_TEXT         CODE               (none)
 00310H 005CDH 002BDH PROC_TEXT          CODE               (none)
 005D0H 00899H 002C9H STR_TEXT           CODE               (none)
 008A0H 00B78H 002D8H Lib_TEXT           CODE               (none)
 00B80H 00EA2H 00322H CORE_TEXT          CODE               (none)
 00EB0H 01321H 00471H PROCESS_TEXT       CODE               (none)
 01330H 018DDH 005ADH IO_TEXT            CODE               (none)
 018E0H 01F1DH 0063DH Storage_TEXT       CODE               (none)
 01F20H 026D8H 007B8H Screens6_TEXT      CODE               (none)
 026E0H 031AEH 00ACEH _TEXT              CODE               (none)
 031B0H 03D60H 00BB0H FIO_TEXT           CODE               (none)
 03D60H 049B3H 00C53H Exomain_TEXT       CODE               (none)
 049C0H 05E5CH 0149CH Window_TEXT        CODE               (none)
 05E60H 07356H 014F6H Screens2_TEXT      CODE               (none)
 07360H 08B93H 01833H Screens3_TEXT      CODE               (none)
 08BA0H 0A49FH 018FFH Screens4_TEXT      CODE               (none)
 0A4A0H 0C453H 01FB3H Graphics_TEXT      CODE               (none)
 0C460H 0E9B6H 02556H GRAPHICS_TEXT      CODE               (none)
 0E9C0H 11018H 02658H Screens5_TEXT      CODE               (none)
 11020H 13A59H 02A39H Sprites_TEXT       CODE               (none)
 13A60H 170CAH 0366AH Exobius_TEXT       CODE               (none)
 170D0H 1B59DH 044CDH Screens_TEXT       CODE               (none)
 1B5A0H 20DA6H 05806H Intro_TEXT         CODE               (none)
 20DB0H 27556H 067A6H Intros1_TEXT       CODE               (none)
 27560H 2DE76H 06916H Bosses_TEXT        CODE               (none)
 2DE80H 2E2FCH 0047CH SIG_TEXT           SIG_CODE           (none)
 2E300H 30439H 02139H EMU_TEXT           EMU_CODE           (none)
 30440H 304ACH 0006CH MP_CODE            MP_CODE            (none)
 304B0H 304DAH 0002AH _INIT              INIT_CODE          (none)
 304E0H 306CAH 001EAH EMU_STATE          DATA               DGROUP 
 306CAH 306CAH 00000H _CONST             DATA               DGROUP 
 306CAH 30970H 002A6H _DATA              DATA               DGROUP 
 30970H 30971H 00001H BSS_START          BSS                DGROUP 
 30971H 30971H 00000H CONST              CONST              DGROUP 
 30971H 31AF1H 01180H _BSS               BSS                DGROUP 
 31AF1H 31AF1H 00000H BSS_END            BSS                DGROUP 
 31AF1H 31AF2H 00001H NEAR_STACK         BSS                DGROUP 
 31AF2H 31AF2H 00000H NEAR_HEAP          BSS                DGROUP 
 31B00H 31B02H 00002H SYSTEM_BSS         FAR_DATA           SYSTEMDGROUP 
 31B10H 31B18H 00008H Storage_BSS        FAR_DATA           StorageDGROUP 
 31B20H 31B2EH 0000EH Screens_BSS        FAR_DATA           ScreensDGROUP 
 31B30H 31B40H 00010H Screens2_BSS       FAR_DATA           Screens2DGROUP 
 31B40H 31B40H 00000H Exomain_CONST      FAR_DATA           ExomainDGROUP 
 31B40H 31B49H 00009H Exomain_DATA       FAR_DATA           ExomainDGROUP 
 31B49H 31B51H 00008H Exomain_BSS        FAR_DATA           ExomainDGROUP 
 31B60H 31B7EH 0001EH Screens5_BSS       FAR_DATA           Screens5DGROUP 
 31B80H 31B80H 00000H Bosses_CONST       FAR_DATA           BossesDGROUP 
 31B80H 31BA4H 00024H Bosses_BSS         FAR_DATA           BossesDGROUP 
 31BB0H 31BDFH 0002FH EMU_INITSTATE      FAR_DATA           (none)
 31BE0H 31BF9H 00019H Window_CONST       FAR_DATA           WindowDGROUP 
 31BF9H 31C34H 0003BH Window_BSS         FAR_DATA           WindowDGROUP 
 31C40H 31C40H 00000H Intros1_CONST      FAR_DATA           Intros1DGROUP 
 31C40H 31C98H 00058H Intros1_BSS        FAR_DATA           Intros1DGROUP 
 31CA0H 31CA0H 00000H Lib_CONST          FAR_DATA           LibDGROUP 
 31CA0H 31D1EH 0007EH Lib_BSS            FAR_DATA           LibDGROUP 
 31D20H 31DC0H 000A0H Graph_BSS          FAR_DATA           GraphDGROUP 
 31DC0H 31E69H 000A9H FIO_BSS            FAR_DATA           FIODGROUP 
 31E70H 31E7AH 0000AH Exobius_CONST      FAR_DATA           ExobiusDGROUP 
 31E7AH 31F51H 000D7H Exobius_BSS        FAR_DATA           ExobiusDGROUP 
 31F60H 320B6H 00156H IO_BSS             FAR_DATA           IODGROUP 
 320C0H 41FC0H 0FF00H STACK              STACK              (none)

  Address         Publics by Value

 0000:0001       MATHLIB$
 0001:0015       SYSTEM$
 0003:0014       Process$
 000F:0001       MsMouse$Cursor
 000F:002F       MsMouse$GetMotion
 000F:0060       MsMouse$GetStatus
 000F:00B7       MsMouse$
 001C:012D       Graph$
 0031:0000       __set_machine_id
 0031:000E       @MachineId
 0031:000F       @Save8087
 0031:0011       @CurrentProcess
 0031:0034       _new_priority
 0031:0041       SYSTEM$Listen
 0031:00D8       CoreProc$TRANSFER
 0031:00D8       SYSTEM$TRANSFER
 0031:0105       CoreProc$IOTRANSFER
 0031:0105       SYSTEM$IOTRANSFER
 0031:019F       CoreProc$NEWPROCESS
 0031:019F       SYSTEM$NEWPROCESS
 0031:026A       SYSTEM$NewPriority
 0031:026A       CoreProc$NewPriority
 0031:0276       SYSTEM$CurrentPriority
 0031:0276       CoreProc$CurrentPriority
 0031:027A       SYSTEM$InterruptRegisters
 0031:0292       SYSTEM$initprocess
 0031:0292       CoreProc$initprocess
 0031:02B5       SYSTEM$CurrentProcess
 0031:02B5       CoreProc$CurrentProcess
 005D:0000       Str$Length
 005D:0018       Str$Append
 005D:004B       Str$Copy
 005D:009C       Str$CardToStr
 005D:014D       Str$StrToCard
 008A:0000       Lib$Terminate
 008A:0029       Lib$FastMove
 008A:0051       Lib$Fill
 008A:0063       Lib$WordFill
 008A:006E       Lib$FarWordFill
 008A:0079       Lib$InternalDelay
 008A:007F       Lib$Sound
 008A:00AA       Lib$NoSound
 008A:00B3       Lib$Move
 008A:0180       Lib$RANDOM
 008A:01F0       Lib$SysErrno
 008A:0201       Lib$Delay
 008A:02C6       Lib$
 00B8:0000       F$UnsMol
 00B8:0000       F$SgnMol
 00B8:005F       F$SgnDiv
 00B8:011A       F$UnsDiv
 00B8:01A3       F$UnsRem
 00B8:0232       F$UnsMul
 00B8:0276       F$LngShr
 00B8:0281       F$ULngShr
 00B8:028E       F$StkChk
 00B8:02B3       F$CnsStk
 00B8:02B9       F$CnsPtr
 00B8:02BF       F$CnsIdx
 00B8:02C5       F$CnsOvr
 00B8:02CB       F$CnsRng
 00B8:02D1       F$CnsRet
 00B8:02D7       F$CnsCase
 00B8:02DD       F$CnsDiv
 00B8:02E3       F$CnsPVC
 00EB:0105       Process$StopScheduler
 00EB:0134       Process$StartProcess
 00EB:01E8       Process$Delay
 00EB:029E       Process$Lock
 00EB:02AC       Process$Unlock
 00EB:02DB       Process$Idler
 0133:0084       IO$WrChar
 0133:00B1       IO$WrCard
 0133:0102       IO$WrCharRep
 0133:0156       IO$WrStr
 0133:0175       IO$WrStrAdj
 0133:024C       IO$WrLn
 0133:0276       IO$RdChar
 0133:0299       IO$RdCard
 0133:0309       IO$RdItem
 0133:03CB       IO$RdLn
 0133:03DB       IO$KeyPressed
 0133:03FF       IO$RdKey
 0133:059B       IO$
 018E:0049       Storage$FarAllocate
 018E:00BB       Storage$FarDeallocate
 018E:00F3       Storage$FarMakeHeap
 018E:0164       Storage$FarHeapAllocate
 018E:0294       Storage$FarHeapDeallocate
 01F2:0005       Screens6$Screen9
 01F2:078A       Screens6$
 026E:0006       _exit
 026E:002D       __InitLoop
 026E:00B2       __Term2
 026E:00FB       __cleanup
 026E:0131       __InitLink
 026E:0150       __InitReset
 026E:016E       __InitSetup
 026E:01D5       __getheapbase
 026E:01FD       __osversion
 026E:0231       __exit
 026E:027D       __startup
 026E:031B       $Stage2
 026E:0362       __fp_1
 026E:0397       __seterrno
 026E:03C1       __errno__
 026E:03DE       __ioerr
 026E:0407       __sysmsg
 026E:0428       __FatalErrorPos
 026E:0432       __FatalError
 026E:055A       __report_math_error
 026E:0670       __math_excep
 026E:06E0       __initm
 026E:06F3       $initm
 026E:06FA       $initm2
 026E:075A       $go
 026E:0804       __initio
 026E:0898       __open
 026E:08B4       __read
 026E:08D0       __write
 026E:08EC       __dos_close
 026E:08EC       __close
 026E:0906       _isatty
 026E:0921       _lseek
 026E:093C       _tell
 026E:0967       __getTID
 026E:0979       __restore_mode
 026E:09DB       Str$
 026E:09E9       __rreal_out
 026E:09E9       __rreal_in
 026E:09EA       __init_dummy
 026E:09EA       __exit1
 026E:09EA       __initwin
 026E:09EA       __setvideomode
 026E:09EA       __initmt
 026E:09EB       __initgraph
 026E:09EC       _AdjustMem
 026E:0A1B       __getheapmem
 026E:0AC0       Storage$
 031B:0094       FIO$Open
 031B:010C       FIO$Close
 031B:018F       FIO$GetPos
 031B:02D3       FIO$Seek
 031B:03B3       FIO$Exists
 031B:0404       FIO$Flush
 031B:04BA       FIO$ReadFirstEntry
 031B:0546       FIO$RdChar
 031B:068E       FIO$RdCard
 031B:06FE       FIO$RdItem
 031B:07B3       FIO$ThreadOK
 031B:0B9E       FIO$
 03D6:0C15       _main
 049C:0000       __ScrnAddr
 049C:0004       __ActPag
 049C:0005       __IsColor
 049C:0006       __IsSnow
 049C:0007       __bufferwrite
 049C:002A       __getscreendepth
 049C:0044       __palxlat
 049C:008E       __buffertoscreen
 049C:00E9       __activepage
 049C:00EF       __initscreentype
 049C:0275       Window$Open
 049C:0341       Window$SetFrame
 049C:03B4       Window$Use
 049C:0495       Window$PutOnTop
 049C:0549       Window$ObscuredAt
 049C:05F4       Window$Clear
 049C:0697       Window$CursorOn
 049C:06FB       Window$CursorOff
 049C:147E       Window$
 05E6:0005       Screens2$Screen4
 05E6:05C0       Screens2$Screen5
 05E6:14CC       Screens2$
 0736:0005       Screens3$Screen6
 0736:1809       Screens3$
 08BA:0005       Screens4$Screen7
 08BA:13E5       Screens4$DrawPillarBottom
 08BA:18D9       Screens4$
 0A4A:0000       $OutWord
 0A4A:0009       __pixeladdrEGA
 0A4A:002F       __pixeladdrEGA2
 0A4A:0056       __pixeladdrHerc
 0A4A:0097       __pixeladdr320x200
 0A4A:00A7       __pixeladdr640x200
 0A4A:00B9       __hclip
 0A4A:00EA       __lclip
 0A4A:025F       __CGA640HLine
 0A4A:02DD       __CGA320HLine
 0A4A:035D       __HercHLine
 0A4A:03DB       __EGAHLine
 0A4A:049D       __EGA2HLine
 0A4A:0521       __VGAHLine
 0A4A:05FA       __VGALine
 0A4A:0681       __VGAleftscan
 0A4A:069B       __VGArightscan
 0A4A:080C       __CGA640Line
 0A4A:09FA       __CGA320Line
 0A4A:0B7C       __HercLine
 0A4A:0D7C       __EGALine
 0A4A:1037       __EGA2Line
 0A4A:10E5       __VGAPoint
 0A4A:10FB       __VGAGet
 0A4A:114F       __VGAPut
 0A4A:120C       __EGAGet
 0A4A:12C0       __EGAPoint
 0A4A:1328       __EGA2Point
 0A4A:135D       __EGAxlat
 0A4A:1375       __EGAPlot1
 0A4A:1378       __EGAPlot
 0A4A:13DA       __EGA2Plot
 0A4A:1410       __EGAPut
 0A4A:15C9       __EGAleftscan
 0A4A:162E       __EGArightscan
 0A4A:16AD       __CGA320Get
 0A4A:16EC       __CGA640Get
 0A4A:1897       __CGA320Put
 0A4A:18A8       __CGA640Put
 0A4A:1927       __CGA320leftscan
 0A4A:196A       __CGA320rightscan
 0A4A:19E0       __CGA640leftscan
 0A4A:1A1C       __CGA640rightscan
 0A4A:1A90       __HercGet
 0A4A:1C71       __HercPut
 0A4A:1D02       __clear_Herc
 0A4A:1D21       __txt_out
 0A4A:1D56       __gcur
 0A4A:1D6C       __setbiosmode
 0A4A:1D78       __getvideomode
 0A4A:1D7F       __FindPS2
 0A4A:1DD4       __FindEGA
 0A4A:1E00       __FindCGA
 0A4A:1E10       __FindMono
 0A4A:1ECD       __getsystem
 0A4A:1F16       __getmemory
 0A4A:1F25       __clear_blink
 0A4A:1F2D       __gdummy
 0A4A:1F2E       __setcur
 0A4A:1F39       __resetEGA
 0A4A:1FA3       __setbc
 0A4A:1FA8       __setr10
 0C46:004B       Graph$Plot
 0C46:008C       Graph$Point
 0C46:00CE       Graph$HLine
 0C46:00F0       Graph$Line
 0C46:0143       Graph$Circle
 0C46:014E       Graph$Disc
 0C46:0159       Graph$TrueDisc
 0C46:01B4       Graph$Ellipse
 0C46:01DA       Graph$Polygon
 0C46:046B       Graph$InitGraph
 0C46:060B       Graph$SetClipRgn
 0C46:064C       Graph$SetFillMask
 0C46:067C       Graph$SetLinestyle
 0C46:0688       Graph$SetTextPosition
 0C46:06DB       Graph$OutText
 0C46:07AB       Graph$SetVideoMode
 0C46:0906       Graph$SetActivePage
 0C46:092E       Graph$SetVisualPage
 0C46:0995       Graph$ClearScreen
 0C46:0ACD       Graph$Rectangle
 0C46:0C59       Graph$GetImage
 0C46:0C8D       Graph$PutImage
 0C46:0CBE       Graph$ImageSize
 0E9C:0005       Screens5$Screen8
 0E9C:028A       Screens5$DrawStars8
 0E9C:0344       Screens5$DrawPlanet
 0E9C:2632       Screens5$
 1102:0005       Sprites$DrawUbeed
 1102:05D7       Sprites$DrawSpinners
 1102:0E10       Sprites$DrawMaces
 1102:130C       Sprites$DrawPlants
 1102:1768       Sprites$DrawFlyTraps
 1102:1C19       Sprites$DrawGlowWorms
 1102:1F2B       Sprites$DrawIceRocks
 1102:21C2       Sprites$DrawSnowMen
 1102:2530       Sprites$DrawSnowBalls
 1102:2639       Sprites$DrawSkiiers
 1102:2A13       Sprites$
 13A6:0005       Exobius$VgaInitialisation
 13A6:0035       Exobius$DrawPlane
 13A6:07C8       Exobius$DrawBullet
 13A6:0C82       Exobius$CheckKeyboard
 13A6:0DE8       Exobius$CheckMouse
 13A6:0FAA       Exobius$Die
 13A6:11F9       Exobius$FinishScreen1
 13A6:12CB       Exobius$CheckDeath1
 13A6:1376       Exobius$A
 13A6:147A       Exobius$B
 13A6:1574       Exobius$C
 13A6:1629       Exobius$D
 13A6:16D4       Exobius$E
 13A6:17FE       Exobius$F
 13A6:18C6       Exobius$G
 13A6:1972       Exobius$H
 13A6:1A92       Exobius$I
 13A6:1B5C       Exobius$J
 13A6:1C4C       Exobius$K
 13A6:1DA9       Exobius$L
 13A6:1E73       Exobius$M
 13A6:1FFA       Exobius$N
 13A6:214B       Exobius$O
 13A6:2200       Exobius$P
 13A6:2326       Exobius$Q
 13A6:23D2       Exobius$R
 13A6:247E       Exobius$S
 13A6:25A1       Exobius$T
 13A6:267B       Exobius$U
 13A6:2735       Exobius$V
 13A6:27EA       Exobius$W
 13A6:2934       Exobius$X
 13A6:2A6B       Exobius$Y
 13A6:2B4F       Exobius$Z
 13A6:2CA0       Exobius$ClearTheBuffer
 13A6:3640       Exobius$
 170D:0005       Screens$DrawGameOverSign
 170D:0082       Screens$Screen1
 170D:161D       Screens$Screen2
 170D:1FD4       Screens$Screen3
 170D:25AE       Screens$BlankGround1
 170D:25DC       Screens$DrawEnemies1
 170D:44A3       Screens$
 1B5A:0005       Intro$Infinite_Software
 1B5A:012D       Intro$FlashScreen
 1B5A:0238       Intro$SpinRectangle
 1B5A:03C3       Intro$DrawStars
 1B5A:0415       Intro$MakeDiamond
 1B5A:0620       Intro$ExoLogo
 1B5A:06E9       Intro$WriteMyName
 1B5A:0B45       Intro$FillAtmosFear
 1B5A:0BE4       Intro$WriteAtmosFear
 1B5A:13C4       Intro$ReadyForWriting
 1B5A:1655       Intro$WriteThinks
 1B5A:18CC       Intro$PlaneToPlanet
 1B5A:57FC       Intro$
 20DB:0005       Intros1$Intro1
 20DB:4480       Intros1$Intro2
 20DB:515A       Intros1$Intro3
 20DB:5A1E       Intros1$Intro4
 20DB:5A63       Intros1$Intro5
 20DB:6780       Intros1$
 2756:0005       Bosses$Boss1
 2756:0A9F       Bosses$Boss2
 2756:183F       Bosses$Boss3
 2756:1D7B       Bosses$Boss4
 2756:68E8       Bosses$
 2DE8:0000       @InProgramFlag
 2DE8:0001       @StopProgramFlag
 2DE8:0002       @DosInterrupt
 2DE8:003F       __SigInit
 2DE8:00B4       __initsig
 2DE8:014A       __sigIgnore
 2DE8:014B       __sigDefault
 2DE8:0192       __sig23
 2DE8:01B8       __sigFp_AT
 2DE8:01CC       __sigFp
 2DE8:0204       _signal
 2DE8:023C       _raise
 2DE8:0268       __table_raise
 2DE8:02DD       __DelayFactor
 2DE8:02DF       __Iter
 2DE8:02E1       __Count
 2DE8:0366       _delay
 2DE8:0393       @LoadRegisters
 2DE8:03B0       @SaveRegisters
 2DE8:03D9       Lib$Dos
 2DE8:0433       Lib$Intr
 2E30:0000       __FloatInitStack
 2E30:000B       __EmulInitInstance
 2E30:00AE       emulate8087
 2E30:08F5       __emul_fbstp
 2E30:1EF3       QuitException
 2E30:1FCE       __FloatInit
 2E30:2062       __FloatInitInstance
 2E30:2097       __FloatFinish
 2E30:20C3       __FloatEmulNMI
 2E30:20C8       __FloatMathExcepDos
 2E30:20D8       __FloatJmpSave
 2E30:20ED       __FloatJmpRestore
 2E30:2100       __FloatExecSave
 2E30:2112       __FloatExecRestore
 2E30:2124       __FloatSave
 2E30:212F       __FloatRestore
 304E:01F2       @InitCalled
 304E:01F4       @InitGrandTotal
 304E:01F6       @InitCurrent
 304E:01F8       @InitRecPointer
 304E:01FC       @InitPointer
 304E:0200       @StackContextSP
 304E:0202       @StackContextBP
 304E:0204       @StackContextSS
 304E:0206       @InitPriority
 304E:0207       __exit_ptr
 304E:020B       __exit_top
 304E:020F       standard@haltChain
 304E:0213       __farstack
 304E:0215       __sp_temp
 304E:0217       __ss_temp
 304E:0219       _x_initx
 304E:021D       _x_bss_end
 304E:021F       _x_bss_start
 304E:0221       __psp
 304E:0223       __env
 304E:0225       __heap_base
 304E:0227       __main_args
 304E:0229       __env_init
 304E:022B       __arg_init
 304E:022D       STKHQQ
 304E:022D       __stklen
 304E:022F       __SSisDS
 304E:0231       __far_ss
 304E:0233       __x_near_stack_start
 304E:0235       __heap_size
 304E:0237       __osmode
 304E:0239       _x_main
 304E:023D       __stk_base
 304E:023F       @InitChain
 304E:0289       __NSIG
 304E:0319       __open_max
 304E:0339       __iosetup
 304E:033B       __doserrno
 304E:033F       __DelayTag
 304E:0343       __wfu
 304E:0347       __ProcIds
 304E:0389       __core_lock
 304E:038D       __core_unlock
 304E:0391       __core_delay
 304E:0395       __SchedStack
 304E:039B       __get
 304E:039F       __put
 304E:03A3       __hscan
 304E:03A7       __plot
 304E:03AB       __point
 304E:03AF       __hline
 304E:03B3       __line
 304E:03B7       __text_br
 304E:03BB       __fill_mask
 304E:03C3       __current_linestyle
 304E:03C5       __EGAScreen
 304E:03C9       __EGAStartPlane
 304E:03CB       __EGAPlaneShift
 304E:0450       __TestSequence
 304E:0453       __EGAflag
 304E:0456       __CGAflag
 304E:0459       __Monoflag
 304E:047C       __defaultmode
 304E:0482       SPAWN$
 304E:0490       __bss_start
 304E:0490       _edata
 304E:0491       __argbuf
 304E:0511       __hugeshift
 304E:0513       __osmajor
 304E:0515       __osminor
 304E:0517       __exit_stk
 304E:0597       @ExitCode
 304E:0599       __exit_io
 304E:059D       __exit_file
 304E:05A1       __exit_tmp
 304E:05A5       __exit_proc
 304E:05A9       __real_in
 304E:05AB       __real_out
 304E:05AD       __sigsetup
 304E:05AF       __exitbreak
 304E:05B3       __exitsig
 304E:05B7       __exitgraph
 304E:05BB       __fmodmemsetup
 304E:05BC       __fmemsetup
 304E:05BD       __res_mem
 304E:05C1       __fix_mem
 304E:05C5       __shr_mem
 304E:05C9       CoreSig@CnsHandler
 304E:05CD       __sigTable
 304E:0629       __vec0
 304E:062D       __vec2
 304E:0631       __vec4
 304E:0635       __vec16
 304E:0639       __vec23
 304E:063D       __vec24
 304E:0641       @RecursiveExit
 304E:0643       __pmd_stub
 304E:0647       _matherr
 304E:064B       __SH_sword
 304E:064D       __exc_addr
 304E:0651       __iob
 304E:0831       __openfd
 304E:0859       _BufInf
 304E:0EA9       __fullscreen
 304E:0EAD       __uselist
 304E:0EB1       __windowstack
 304E:0EB5       __cursorstack
 304E:0EB9       __multip
 304E:0EBA       __winsetup
 304E:0EBB       __cursorlines
 304E:0EBD       __threadTable
 304E:153D       __cp
 304E:1541       __dq
 304E:1545       __wq
 304E:1549       __SchedProc
 304E:154D       __Started
 304E:154E       __Continue
 304E:1552       _Stop
 304E:1553       __LockNestMonster
 304E:1555       __SchedTime
 304E:1557       __NextThread
 304E:1559       __proc_init
 304E:155A       __lastmode
 304E:155C       __depth
 304E:155E       __width
 304E:1560       __current_video
 304E:1576       __origin
 304E:157A       __clip_tl
 304E:157E       __clip_br
 304E:1582       __current_graph
 304E:1586       __text_tl
 304E:158A       __current_text
 304E:158E       __active_page
 304E:1590       __visual_page
 304E:1592       __page_size
 304E:1594       __fgcolor
 304E:1596       __mode_changed
 304E:1598       __txcolor
 304E:159A       __cursor_lock
 304E:159C       __scr_attr
 304E:159E       __current_mask
 304E:15A2       __EGA64K
 304E:15A3       __cursor_state
 304E:15A4       __wrap_state
 304E:15A5       __display_state
 304E:15A6       __EGAtranslate
 304E:15A8       __bkcolor
 304E:1611       __near_stack_start
 304E:1611       __bss_end
 304E:1611       _end
 31B0:0000       SYSTEM@HeapBase
 31B1:0000       Storage@MainHeap
 31B1:0004       Storage@NearHeap
 31B1:0006       Storage@ClearOnAllocate
 31B1:0007       Storage@Check
 31B2:0000       Screens@GroundAddress
 31B2:0004       Screens@GroundSize
 31B3:0000       Screens2@GroundAddress
 31B3:0004       Screens2@GroundSize
 31B4:0000       __initx
 31B6:0000       Screens5@PlanetRadius
 31BE:0000       Window@FullScreenDef
 31BE:0019       Window@FullScreen
 31BE:001D       Window@CurrentScreenDepth
 31CA:0000       Lib@NilStr
 31CA:0001       Lib@RunTimeError
 31CA:0005       Lib@ExecSearchPath
 31CA:0006       Lib@PSP
 31CA:0008       Lib@CommandLine
 31D2:0000       Graph@Width
 31D2:0002       Graph@Depth
 31D2:0004       Graph@NumColor
 31D2:0006       Graph@FillState
 31DC:0000       FIO@IOcheck
 31DC:0001       FIO@EOF
 31DC:0002       FIO@ShareMode
 31DC:0004       FIO@Separators
 31DC:0024       FIO@OK
 31DC:0025       FIO@ChopOff
 31DC:0026       FIO@Eng
 31DC:0027       FIO@PrefixChar
 31DC:0028       FIO@SuffixChar
 31E7:0002       Exobius@SolidFill
 31E7:000A       Exobius@Key
 31E7:000B       Exobius@Width
 31E7:000D       Exobius@Height
 31E7:000F       Exobius@PlaneX
 31E7:0011       Exobius@Enemy1X
 31E7:0013       Exobius@Enemy2X
 31E7:0015       Exobius@Enemy3X
 31E7:0017       Exobius@Enemy4X
 31E7:0019       Exobius@Enemy5X
 31E7:001B       Exobius@Enemy6X
 31E7:001D       Exobius@Enemies
 31E7:001F       Exobius@BulletX
 31E7:0021       Exobius@BulletY
 31E7:0023       Exobius@PlaneY
 31E7:0025       Exobius@CoverRectangleX
 31E7:0027       Exobius@Count
 31E7:0029       Exobius@Lives
 31E7:002B       Exobius@EnemyY
 31E7:002D       Exobius@GameSpeed
 31E7:002F       Exobius@NegPlaneSize
 31E7:0031       Exobius@Score
 31E7:0033       Exobius@Screen
 31E7:0035       Exobius@BkSize
 31E7:0037       Exobius@GraphicsCard
 31E7:0039       Exobius@Black
 31E7:003B       Exobius@DarkestGrey
 31E7:003D       Exobius@DarkGrey
 31E7:003F       Exobius@Grey
 31E7:0041       Exobius@LightGrey
 31E7:0043       Exobius@LightestGrey
 31E7:0045       Exobius@DarkestBlue
 31E7:0047       Exobius@DarkBlue
 31E7:0049       Exobius@Blue
 31E7:004B       Exobius@LightBlue
 31E7:004D       Exobius@LightestBlue
 31E7:004F       Exobius@DarkestBrown
 31E7:0051       Exobius@DarkBrown
 31E7:0053       Exobius@Brown
 31E7:0055       Exobius@LightBrown
 31E7:0057       Exobius@LightestBrown
 31E7:0059       Exobius@DarkestRed
 31E7:005B       Exobius@DarkRed
 31E7:005D       Exobius@Red
 31E7:005F       Exobius@LightRed
 31E7:0061       Exobius@LightestRed
 31E7:0063       Exobius@DarkestYellow
 31E7:0065       Exobius@DarkYellow
 31E7:0067       Exobius@Yellow
 31E7:0069       Exobius@LightYellow
 31E7:006B       Exobius@LightestYellow
 31E7:006D       Exobius@DarkestWhite
 31E7:006F       Exobius@DarkWhite
 31E7:0071       Exobius@White
 31E7:0073       Exobius@LightWhite
 31E7:0075       Exobius@LightestWhite
 31E7:0077       Exobius@DarkestGreen
 31E7:0079       Exobius@DarkGreen
 31E7:007B       Exobius@Green
 31E7:007D       Exobius@LightGreen
 31E7:007F       Exobius@LightestGreen
 31E7:0081       Exobius@MouseOrNot
 31E7:0083       Exobius@NegPlaneAddress
 31E7:0087       Exobius@WritingAddress
 31E7:008B       Exobius@PlaneAddress
 31E7:008F       Exobius@BkAddress
 31E7:0093       Exobius@BkColour
 31E7:0097       Exobius@OldBkColor
 31E7:009B       Exobius@Xs
 31E7:00B1       Exobius@Ys
 31E7:00C7       Exobius@OneAlive
 31E7:00C8       Exobius@TwoAlive
 31E7:00C9       Exobius@ThreeAlive
 31E7:00CA       Exobius@FourAlive
 31E7:00CB       Exobius@FiveAlive
 31E7:00CC       Exobius@SixAlive
 31E7:00CD       Exobius@MouseUsed
 31E7:00CE       Exobius@ScreenComplete
 31E7:00CF       Exobius@GameOver
 31E7:00D0       Exobius@Mode
 31E7:00D1       Exobius@Cheat
 31E7:00D2       Exobius@PlaneInMemory
 31E7:00D3       Exobius@HighDetail
 31E7:00D4       Exobius@MouseButtons
 31E7:00DD       Exobius@MouseMove
 31F6:0000       IO@RdLnOnWr
 31F6:0001       IO@Prompt
 31F6:0002       IO@InputRedirected
 31F6:0003       IO@OutputRedirected
 31F6:0004       IO@WrStrRedirect
 31F6:0008       IO@RdStrRedirect
 31F6:000C       IO@Separators
 31F6:002C       IO@OK
 31F6:002D       IO@ChopOff
 31F6:002E       IO@Eng
 31F6:002F       IO@PrefixChar
 31F6:0030       IO@SuffixChar

Program entry point at 0006:0000
